Using device: cpu, config: config_caueeg_dementia_graph_cnn.yaml
CAUEEGEndToEndDataset(task=dementia): 3826 samples (950 subjects) for split=train
CAUEEGEndToEndDataset(task=dementia): 119 samples (119 subjects) for split=val
CAUEEGEndToEndDataset(task=dementia): 506 samples (118 subjects) for split=eval
task=dementia train=3826 val=119 eval(test)=506
computing per-channel EEG normalization from train windows...
  done in 2.4s
class weights (power=1.5): {0: 1.4189056158065796, 1: 1.017098307609558, 2: 0.7427454590797424}
epoch   1/50 -- loss 1.0697 hop_alphas [-0.0139,-0.0180] train_acc 0.440 val_acc 0.437 val_bal_acc 0.597 (best_bal 0.597 @ep1) [51.9s]
epoch   2/50 -- loss 0.9663 hop_alphas [-0.0369,-0.0292] train_acc 0.512 val_acc 0.538 val_bal_acc 0.656 (best_bal 0.656 @ep2) [52.5s]
epoch   3/50 -- loss 0.8884 hop_alphas [-0.0456,-0.0350] train_acc 0.575 val_acc 0.521 val_bal_acc 0.639 (best_bal 0.656 @ep2) [53.8s]
epoch   4/50 -- loss 0.8429 hop_alphas [-0.0441,-0.0321] train_acc 0.613 val_acc 0.529 val_bal_acc 0.653 (best_bal 0.656 @ep2) [53.7s]
epoch   5/50 -- loss 0.7947 hop_alphas [-0.0428,-0.0389] train_acc 0.631 val_acc 0.538 val_bal_acc 0.660 (best_bal 0.660 @ep5) [56.0s]
epoch   6/50 -- loss 0.7757 hop_alphas [-0.0472,-0.0434] train_acc 0.647 val_acc 0.563 val_bal_acc 0.669 (best_bal 0.669 @ep6) [56.3s]
epoch   7/50 -- loss 0.7440 hop_alphas [-0.0476,-0.0463] train_acc 0.668 val_acc 0.597 val_bal_acc 0.699 (best_bal 0.699 @ep7) [55.7s]
epoch   8/50 -- loss 0.7209 hop_alphas [-0.0421,-0.0509] train_acc 0.678 val_acc 0.538 val_bal_acc 0.651 (best_bal 0.699 @ep7) [56.8s]
epoch   9/50 -- loss 0.6904 hop_alphas [-0.0467,-0.0507] train_acc 0.698 val_acc 0.605 val_bal_acc 0.701 (best_bal 0.701 @ep9) [55.1s]
epoch  10/50 -- loss 0.6682 hop_alphas [-0.0455,-0.0503] train_acc 0.703 val_acc 0.588 val_bal_acc 0.692 (best_bal 0.701 @ep9) [56.2s]
epoch  11/50 -- loss 0.6507 hop_alphas [-0.0468,-0.0472] train_acc 0.707 val_acc 0.580 val_bal_acc 0.683 (best_bal 0.701 @ep9) [54.3s]
epoch  12/50 -- loss 0.6397 hop_alphas [-0.0438,-0.0503] train_acc 0.720 val_acc 0.580 val_bal_acc 0.683 (best_bal 0.701 @ep9) [50.8s]
epoch  13/50 -- loss 0.6117 hop_alphas [-0.0438,-0.0491] train_acc 0.738 val_acc 0.571 val_bal_acc 0.684 (best_bal 0.701 @ep9) [52.8s]
epoch  14/50 -- loss 0.6023 hop_alphas [-0.0456,-0.0525] train_acc 0.730 val_acc 0.613 val_bal_acc 0.716 (best_bal 0.716 @ep14) [55.6s]
epoch  15/50 -- loss 0.5869 hop_alphas [-0.0467,-0.0525] train_acc 0.754 val_acc 0.571 val_bal_acc 0.681 (best_bal 0.716 @ep14) [55.7s]
epoch  16/50 -- loss 0.5622 hop_alphas [-0.0474,-0.0561] train_acc 0.757 val_acc 0.571 val_bal_acc 0.675 (best_bal 0.716 @ep14) [55.5s]
epoch  17/50 -- loss 0.5673 hop_alphas [-0.0463,-0.0507] train_acc 0.750 val_acc 0.563 val_bal_acc 0.677 (best_bal 0.716 @ep14) [56.2s]
epoch  18/50 -- loss 0.5362 hop_alphas [-0.0458,-0.0510] train_acc 0.762 val_acc 0.571 val_bal_acc 0.681 (best_bal 0.716 @ep14) [56.8s]
epoch  19/50 -- loss 0.5238 hop_alphas [-0.0472,-0.0550] train_acc 0.771 val_acc 0.588 val_bal_acc 0.701 (best_bal 0.716 @ep14) [57.0s]
epoch  20/50 -- loss 0.5405 hop_alphas [-0.0454,-0.0504] train_acc 0.765 val_acc 0.613 val_bal_acc 0.719 (best_bal 0.719 @ep20) [57.1s]
epoch  21/50 -- loss 0.5085 hop_alphas [-0.0477,-0.0529] train_acc 0.787 val_acc 0.588 val_bal_acc 0.689 (best_bal 0.719 @ep20) [57.1s]
epoch  22/50 -- loss 0.5101 hop_alphas [-0.0455,-0.0510] train_acc 0.779 val_acc 0.555 val_bal_acc 0.663 (best_bal 0.719 @ep20) [57.6s]
epoch  23/50 -- loss 0.4992 hop_alphas [-0.0448,-0.0532] train_acc 0.788 val_acc 0.563 val_bal_acc 0.671 (best_bal 0.719 @ep20) [57.7s]
epoch  24/50 -- loss 0.4875 hop_alphas [-0.0459,-0.0532] train_acc 0.790 val_acc 0.613 val_bal_acc 0.719 (best_bal 0.719 @ep24) [56.9s]
epoch  25/50 -- loss 0.4840 hop_alphas [-0.0442,-0.0548] train_acc 0.787 val_acc 0.588 val_bal_acc 0.691 (best_bal 0.719 @ep24) [56.6s]
epoch  26/50 -- loss 0.4872 hop_alphas [-0.0471,-0.0578] train_acc 0.792 val_acc 0.580 val_bal_acc 0.688 (best_bal 0.719 @ep24) [56.6s]
epoch  27/50 -- loss 0.4752 hop_alphas [-0.0446,-0.0541] train_acc 0.795 val_acc 0.546 val_bal_acc 0.656 (best_bal 0.719 @ep24) [57.1s]
epoch  28/50 -- loss 0.4681 hop_alphas [-0.0425,-0.0597] train_acc 0.800 val_acc 0.597 val_bal_acc 0.694 (best_bal 0.719 @ep24) [57.6s]
epoch  29/50 -- loss 0.4736 hop_alphas [-0.0447,-0.0581] train_acc 0.802 val_acc 0.588 val_bal_acc 0.687 (best_bal 0.719 @ep24) [60.6s]
epoch  30/50 -- loss 0.4659 hop_alphas [-0.0461,-0.0524] train_acc 0.803 val_acc 0.571 val_bal_acc 0.681 (best_bal 0.719 @ep24) [65.4s]
epoch  31/50 -- loss 0.4547 hop_alphas [-0.0474,-0.0573] train_acc 0.808 val_acc 0.597 val_bal_acc 0.699 (best_bal 0.719 @ep24) [55.4s]
epoch  32/50 -- loss 0.4479 hop_alphas [-0.0464,-0.0586] train_acc 0.804 val_acc 0.588 val_bal_acc 0.693 (best_bal 0.719 @ep24) [55.1s]
epoch  33/50 -- loss 0.4296 hop_alphas [-0.0473,-0.0572] train_acc 0.824 val_acc 0.588 val_bal_acc 0.694 (best_bal 0.719 @ep24) [59.8s]
epoch  34/50 -- loss 0.4331 hop_alphas [-0.0454,-0.0575] train_acc 0.818 val_acc 0.605 val_bal_acc 0.704 (best_bal 0.719 @ep24) [62.7s]
epoch  35/50 -- loss 0.4363 hop_alphas [-0.0467,-0.0614] train_acc 0.810 val_acc 0.580 val_bal_acc 0.688 (best_bal 0.719 @ep24) [62.7s]
epoch  36/50 -- loss 0.4267 hop_alphas [-0.0470,-0.0581] train_acc 0.816 val_acc 0.571 val_bal_acc 0.680 (best_bal 0.719 @ep24) [60.8s]
epoch  37/50 -- loss 0.4270 hop_alphas [-0.0458,-0.0517] train_acc 0.822 val_acc 0.613 val_bal_acc 0.716 (best_bal 0.719 @ep24) [56.7s]
epoch  38/50 -- loss 0.4012 hop_alphas [-0.0454,-0.0596] train_acc 0.838 val_acc 0.571 val_bal_acc 0.686 (best_bal 0.719 @ep24) [56.8s]
epoch  39/50 -- loss 0.4178 hop_alphas [-0.0453,-0.0589] train_acc 0.821 val_acc 0.588 val_bal_acc 0.689 (best_bal 0.719 @ep24) [56.7s]
epoch  40/50 -- loss 0.4247 hop_alphas [-0.0461,-0.0586] train_acc 0.819 val_acc 0.588 val_bal_acc 0.694 (best_bal 0.719 @ep24) [56.7s]
epoch  41/50 -- loss 0.4046 hop_alphas [-0.0456,-0.0564] train_acc 0.835 val_acc 0.597 val_bal_acc 0.698 (best_bal 0.719 @ep24) [56.7s]
epoch  42/50 -- loss 0.3957 hop_alphas [-0.0455,-0.0575] train_acc 0.835 val_acc 0.588 val_bal_acc 0.695 (best_bal 0.719 @ep24) [57.0s]
epoch  43/50 -- loss 0.3971 hop_alphas [-0.0465,-0.0604] train_acc 0.840 val_acc 0.580 val_bal_acc 0.688 (best_bal 0.719 @ep24) [57.1s]
epoch  44/50 -- loss 0.3961 hop_alphas [-0.0469,-0.0631] train_acc 0.834 val_acc 0.580 val_bal_acc 0.689 (best_bal 0.719 @ep24) [57.5s]
epoch  45/50 -- loss 0.3930 hop_alphas [-0.0474,-0.0586] train_acc 0.845 val_acc 0.597 val_bal_acc 0.698 (best_bal 0.719 @ep24) [57.6s]
epoch  46/50 -- loss 0.3966 hop_alphas [-0.0469,-0.0603] train_acc 0.835 val_acc 0.571 val_bal_acc 0.677 (best_bal 0.719 @ep24) [57.7s]
epoch  47/50 -- loss 0.3895 hop_alphas [-0.0455,-0.0607] train_acc 0.834 val_acc 0.555 val_bal_acc 0.667 (best_bal 0.719 @ep24) [57.9s]
epoch  48/50 -- loss 0.3980 hop_alphas [-0.0462,-0.0563] train_acc 0.827 val_acc 0.571 val_bal_acc 0.681 (best_bal 0.719 @ep24) [57.9s]
epoch  49/50 -- loss 0.3963 hop_alphas [-0.0472,-0.0573] train_acc 0.832 val_acc 0.588 val_bal_acc 0.692 (best_bal 0.719 @ep24) [58.2s]
epoch  50/50 -- loss 0.3676 hop_alphas [-0.0459,-0.0603] train_acc 0.855 val_acc 0.546 val_bal_acc 0.663 (best_bal 0.719 @ep24) [57.6s]

=== CAUEEG ShallowGNN (dementia, multi-hop coupling, eval_tta=True) Eval Results ===
  accuracy: 0.5254
  f1: 0.5324
  sensitivity: 0.5336
  specificity: 0.7615
  final hop_alphas: [-0.0459, -0.0532]
