Using device: cpu, config: config_caueeg_dementia_shallow_cnn.yaml
CAUEEGEndToEndDataset(task=dementia): 3826 samples (950 subjects) for split=train
CAUEEGEndToEndDataset(task=dementia): 119 samples (119 subjects) for split=val
CAUEEGEndToEndDataset(task=dementia): 506 samples (118 subjects) for split=eval
task=dementia train=3826 val=119 eval(test)=506
computing per-channel EEG normalization from train windows...
  done in 2.4s
class weights (power=1.5): {0: 1.4189056158065796, 1: 1.017098307609558, 2: 0.7427454590797424}
epoch   1/50 -- loss 0.9764 train_acc 0.520 val_acc 0.504 val_bal_acc 0.633 (best_bal 0.633 @ep1) [44.6s]
epoch   2/50 -- loss 0.9151 train_acc 0.571 val_acc 0.496 val_bal_acc 0.624 (best_bal 0.633 @ep1) [44.2s]
epoch   3/50 -- loss 0.8898 train_acc 0.579 val_acc 0.504 val_bal_acc 0.638 (best_bal 0.638 @ep3) [43.9s]
epoch   4/50 -- loss 0.8769 train_acc 0.593 val_acc 0.496 val_bal_acc 0.619 (best_bal 0.638 @ep3) [44.0s]
epoch   5/50 -- loss 0.8534 train_acc 0.610 val_acc 0.538 val_bal_acc 0.665 (best_bal 0.665 @ep5) [46.4s]
epoch   6/50 -- loss 0.8427 train_acc 0.611 val_acc 0.546 val_bal_acc 0.657 (best_bal 0.665 @ep5) [46.2s]
epoch   7/50 -- loss 0.8364 train_acc 0.617 val_acc 0.546 val_bal_acc 0.667 (best_bal 0.667 @ep7) [45.7s]
epoch   8/50 -- loss 0.8189 train_acc 0.631 val_acc 0.521 val_bal_acc 0.645 (best_bal 0.667 @ep7) [46.5s]
epoch   9/50 -- loss 0.8042 train_acc 0.637 val_acc 0.487 val_bal_acc 0.619 (best_bal 0.667 @ep7) [42.8s]
epoch  10/50 -- loss 0.8032 train_acc 0.635 val_acc 0.613 val_bal_acc 0.712 (best_bal 0.712 @ep10) [42.5s]
epoch  11/50 -- loss 0.8013 train_acc 0.640 val_acc 0.571 val_bal_acc 0.686 (best_bal 0.712 @ep10) [42.8s]
epoch  12/50 -- loss 0.7882 train_acc 0.640 val_acc 0.521 val_bal_acc 0.635 (best_bal 0.712 @ep10) [44.2s]
epoch  13/50 -- loss 0.7900 train_acc 0.644 val_acc 0.529 val_bal_acc 0.652 (best_bal 0.712 @ep10) [44.8s]
epoch  14/50 -- loss 0.7648 train_acc 0.666 val_acc 0.555 val_bal_acc 0.673 (best_bal 0.712 @ep10) [44.8s]
epoch  15/50 -- loss 0.7734 train_acc 0.652 val_acc 0.571 val_bal_acc 0.686 (best_bal 0.712 @ep10) [44.4s]
epoch  16/50 -- loss 0.7702 train_acc 0.668 val_acc 0.538 val_bal_acc 0.656 (best_bal 0.712 @ep10) [44.2s]
epoch  17/50 -- loss 0.7725 train_acc 0.650 val_acc 0.555 val_bal_acc 0.668 (best_bal 0.712 @ep10) [45.0s]
epoch  18/50 -- loss 0.7482 train_acc 0.674 val_acc 0.538 val_bal_acc 0.648 (best_bal 0.712 @ep10) [44.6s]
epoch  19/50 -- loss 0.7346 train_acc 0.682 val_acc 0.563 val_bal_acc 0.670 (best_bal 0.712 @ep10) [44.3s]
epoch  20/50 -- loss 0.7437 train_acc 0.665 val_acc 0.613 val_bal_acc 0.711 (best_bal 0.712 @ep10) [44.1s]
epoch  21/50 -- loss 0.7374 train_acc 0.675 val_acc 0.546 val_bal_acc 0.673 (best_bal 0.712 @ep10) [44.5s]
epoch  22/50 -- loss 0.7184 train_acc 0.689 val_acc 0.580 val_bal_acc 0.689 (best_bal 0.712 @ep10) [43.3s]
epoch  23/50 -- loss 0.7104 train_acc 0.686 val_acc 0.571 val_bal_acc 0.683 (best_bal 0.712 @ep10) [43.3s]
epoch  24/50 -- loss 0.7266 train_acc 0.678 val_acc 0.563 val_bal_acc 0.671 (best_bal 0.712 @ep10) [43.7s]
epoch  25/50 -- loss 0.7074 train_acc 0.696 val_acc 0.563 val_bal_acc 0.674 (best_bal 0.712 @ep10) [45.4s]
epoch  26/50 -- loss 0.7135 train_acc 0.686 val_acc 0.546 val_bal_acc 0.657 (best_bal 0.712 @ep10) [43.1s]
epoch  27/50 -- loss 0.7324 train_acc 0.675 val_acc 0.597 val_bal_acc 0.711 (best_bal 0.712 @ep10) [45.8s]
epoch  28/50 -- loss 0.6954 train_acc 0.695 val_acc 0.580 val_bal_acc 0.680 (best_bal 0.712 @ep10) [48.1s]
epoch  29/50 -- loss 0.6882 train_acc 0.700 val_acc 0.555 val_bal_acc 0.671 (best_bal 0.712 @ep10) [47.8s]
epoch  30/50 -- loss 0.6866 train_acc 0.702 val_acc 0.546 val_bal_acc 0.656 (best_bal 0.712 @ep10) [47.7s]
epoch  31/50 -- loss 0.6728 train_acc 0.705 val_acc 0.513 val_bal_acc 0.632 (best_bal 0.712 @ep10) [47.9s]
epoch  32/50 -- loss 0.6771 train_acc 0.702 val_acc 0.613 val_bal_acc 0.717 (best_bal 0.717 @ep32) [48.3s]
epoch  33/50 -- loss 0.6843 train_acc 0.707 val_acc 0.546 val_bal_acc 0.656 (best_bal 0.717 @ep32) [48.6s]
epoch  34/50 -- loss 0.6801 train_acc 0.704 val_acc 0.622 val_bal_acc 0.716 (best_bal 0.717 @ep32) [48.6s]
epoch  35/50 -- loss 0.6853 train_acc 0.697 val_acc 0.563 val_bal_acc 0.666 (best_bal 0.717 @ep32) [46.3s]
epoch  36/50 -- loss 0.6673 train_acc 0.719 val_acc 0.563 val_bal_acc 0.663 (best_bal 0.717 @ep32) [44.8s]
epoch  37/50 -- loss 0.6633 train_acc 0.714 val_acc 0.546 val_bal_acc 0.653 (best_bal 0.717 @ep32) [44.8s]
epoch  38/50 -- loss 0.6564 train_acc 0.726 val_acc 0.571 val_bal_acc 0.680 (best_bal 0.717 @ep32) [44.7s]
epoch  39/50 -- loss 0.6658 train_acc 0.720 val_acc 0.555 val_bal_acc 0.674 (best_bal 0.717 @ep32) [44.2s]
epoch  40/50 -- loss 0.6546 train_acc 0.716 val_acc 0.513 val_bal_acc 0.615 (best_bal 0.717 @ep32) [43.6s]
epoch  41/50 -- loss 0.6781 train_acc 0.714 val_acc 0.563 val_bal_acc 0.687 (best_bal 0.717 @ep32) [48.4s]
epoch  42/50 -- loss 0.6692 train_acc 0.715 val_acc 0.588 val_bal_acc 0.694 (best_bal 0.717 @ep32) [52.0s]
epoch  43/50 -- loss 0.6356 train_acc 0.730 val_acc 0.588 val_bal_acc 0.692 (best_bal 0.717 @ep32) [52.5s]
epoch  44/50 -- loss 0.6291 train_acc 0.738 val_acc 0.546 val_bal_acc 0.670 (best_bal 0.717 @ep32) [44.4s]
epoch  45/50 -- loss 0.6352 train_acc 0.733 val_acc 0.546 val_bal_acc 0.649 (best_bal 0.717 @ep32) [43.4s]
epoch  46/50 -- loss 0.6139 train_acc 0.744 val_acc 0.546 val_bal_acc 0.656 (best_bal 0.717 @ep32) [44.6s]
epoch  47/50 -- loss 0.6396 train_acc 0.731 val_acc 0.571 val_bal_acc 0.680 (best_bal 0.717 @ep32) [45.1s]
epoch  48/50 -- loss 0.6228 train_acc 0.737 val_acc 0.588 val_bal_acc 0.693 (best_bal 0.717 @ep32) [46.3s]
epoch  49/50 -- loss 0.6314 train_acc 0.734 val_acc 0.555 val_bal_acc 0.663 (best_bal 0.717 @ep32) [45.9s]
epoch  50/50 -- loss 0.6218 train_acc 0.734 val_acc 0.588 val_bal_acc 0.691 (best_bal 0.717 @ep32) [46.6s]

=== CAUEEG Shallow-CNN (dementia, no physics, eval_tta=True) Eval Results ===
  accuracy: 0.6017
  f1: 0.6006
  sensitivity: 0.6005
  specificity: 0.8022
