Using device: cpu, config: config_caueeg_abnormal_graph_cnn.yaml
CAUEEGEndToEndDataset(task=abnormal): 4435 samples (1107 subjects) for split=train
CAUEEGEndToEndDataset(task=abnormal): 136 samples (136 subjects) for split=val
CAUEEGEndToEndDataset(task=abnormal): 570 samples (136 subjects) for split=eval
task=abnormal train=4435 val=136 eval(test)=570
computing per-channel EEG normalization from train windows...
  done in 2.8s
class weights (power=1.5): {0: 0.6756265759468079, 1: 1.7029420137405396}
epoch   1/50 -- loss 0.6435 hop_alphas [-0.0251,-0.0230] train_acc 0.543 val_acc 0.610 val_bal_acc 0.652 (best_bal 0.652 @ep1) [63.2s]
epoch   2/50 -- loss 0.5693 hop_alphas [-0.0464,-0.0312] train_acc 0.650 val_acc 0.588 val_bal_acc 0.620 (best_bal 0.652 @ep1) [64.5s]
epoch   3/50 -- loss 0.5150 hop_alphas [-0.0502,-0.0325] train_acc 0.704 val_acc 0.544 val_bal_acc 0.602 (best_bal 0.652 @ep1) [65.6s]
epoch   4/50 -- loss 0.4801 hop_alphas [-0.0445,-0.0385] train_acc 0.736 val_acc 0.566 val_bal_acc 0.603 (best_bal 0.652 @ep1) [66.1s]
epoch   5/50 -- loss 0.4653 hop_alphas [-0.0478,-0.0406] train_acc 0.751 val_acc 0.603 val_bal_acc 0.636 (best_bal 0.652 @ep1) [66.8s]
epoch   6/50 -- loss 0.4426 hop_alphas [-0.0503,-0.0438] train_acc 0.761 val_acc 0.574 val_bal_acc 0.630 (best_bal 0.652 @ep1) [67.4s]
epoch   7/50 -- loss 0.4282 hop_alphas [-0.0495,-0.0404] train_acc 0.774 val_acc 0.640 val_bal_acc 0.669 (best_bal 0.669 @ep7) [68.0s]
epoch   8/50 -- loss 0.4166 hop_alphas [-0.0502,-0.0418] train_acc 0.777 val_acc 0.640 val_bal_acc 0.653 (best_bal 0.669 @ep7) [68.2s]
epoch   9/50 -- loss 0.4064 hop_alphas [-0.0506,-0.0445] train_acc 0.787 val_acc 0.640 val_bal_acc 0.675 (best_bal 0.675 @ep9) [69.3s]
epoch  10/50 -- loss 0.3966 hop_alphas [-0.0493,-0.0457] train_acc 0.793 val_acc 0.610 val_bal_acc 0.636 (best_bal 0.675 @ep9) [69.1s]
epoch  11/50 -- loss 0.3842 hop_alphas [-0.0482,-0.0454] train_acc 0.805 val_acc 0.596 val_bal_acc 0.641 (best_bal 0.675 @ep9) [67.8s]
epoch  12/50 -- loss 0.3759 hop_alphas [-0.0498,-0.0459] train_acc 0.805 val_acc 0.654 val_bal_acc 0.675 (best_bal 0.675 @ep12) [67.8s]
epoch  13/50 -- loss 0.3692 hop_alphas [-0.0514,-0.0462] train_acc 0.810 val_acc 0.625 val_bal_acc 0.664 (best_bal 0.675 @ep12) [68.1s]
epoch  14/50 -- loss 0.3757 hop_alphas [-0.0485,-0.0460] train_acc 0.812 val_acc 0.662 val_bal_acc 0.691 (best_bal 0.691 @ep14) [59.0s]
epoch  15/50 -- loss 0.3500 hop_alphas [-0.0473,-0.0470] train_acc 0.816 val_acc 0.625 val_bal_acc 0.669 (best_bal 0.691 @ep14) [58.8s]
epoch  16/50 -- loss 0.3532 hop_alphas [-0.0503,-0.0492] train_acc 0.822 val_acc 0.640 val_bal_acc 0.675 (best_bal 0.691 @ep14) [59.0s]
epoch  17/50 -- loss 0.3504 hop_alphas [-0.0462,-0.0493] train_acc 0.822 val_acc 0.625 val_bal_acc 0.589 (best_bal 0.691 @ep14) [62.2s]
epoch  18/50 -- loss 0.3345 hop_alphas [-0.0488,-0.0509] train_acc 0.834 val_acc 0.632 val_bal_acc 0.664 (best_bal 0.691 @ep14) [62.8s]
epoch  19/50 -- loss 0.3348 hop_alphas [-0.0515,-0.0495] train_acc 0.826 val_acc 0.684 val_bal_acc 0.660 (best_bal 0.691 @ep14) [63.7s]
epoch  20/50 -- loss 0.3273 hop_alphas [-0.0477,-0.0501] train_acc 0.842 val_acc 0.596 val_bal_acc 0.636 (best_bal 0.691 @ep14) [65.0s]
epoch  21/50 -- loss 0.3180 hop_alphas [-0.0491,-0.0484] train_acc 0.850 val_acc 0.647 val_bal_acc 0.675 (best_bal 0.691 @ep14) [65.2s]
epoch  22/50 -- loss 0.3137 hop_alphas [-0.0489,-0.0544] train_acc 0.845 val_acc 0.669 val_bal_acc 0.686 (best_bal 0.691 @ep14) [65.8s]
epoch  23/50 -- loss 0.3007 hop_alphas [-0.0502,-0.0546] train_acc 0.856 val_acc 0.654 val_bal_acc 0.664 (best_bal 0.691 @ep14) [64.4s]
epoch  24/50 -- loss 0.2971 hop_alphas [-0.0498,-0.0527] train_acc 0.855 val_acc 0.640 val_bal_acc 0.627 (best_bal 0.691 @ep14) [65.8s]
epoch  25/50 -- loss 0.3033 hop_alphas [-0.0469,-0.0552] train_acc 0.852 val_acc 0.676 val_bal_acc 0.671 (best_bal 0.691 @ep14) [66.3s]
epoch  26/50 -- loss 0.2952 hop_alphas [-0.0507,-0.0536] train_acc 0.851 val_acc 0.654 val_bal_acc 0.643 (best_bal 0.691 @ep14) [66.3s]
epoch  27/50 -- loss 0.2826 hop_alphas [-0.0481,-0.0589] train_acc 0.857 val_acc 0.632 val_bal_acc 0.658 (best_bal 0.691 @ep14) [66.2s]
epoch  28/50 -- loss 0.2835 hop_alphas [-0.0481,-0.0539] train_acc 0.859 val_acc 0.610 val_bal_acc 0.647 (best_bal 0.691 @ep14) [66.1s]
epoch  29/50 -- loss 0.2831 hop_alphas [-0.0494,-0.0538] train_acc 0.863 val_acc 0.625 val_bal_acc 0.664 (best_bal 0.691 @ep14) [66.2s]
epoch  30/50 -- loss 0.2796 hop_alphas [-0.0498,-0.0577] train_acc 0.860 val_acc 0.669 val_bal_acc 0.686 (best_bal 0.691 @ep14) [66.5s]
epoch  31/50 -- loss 0.2619 hop_alphas [-0.0490,-0.0606] train_acc 0.873 val_acc 0.647 val_bal_acc 0.664 (best_bal 0.691 @ep14) [66.4s]
epoch  32/50 -- loss 0.2757 hop_alphas [-0.0477,-0.0557] train_acc 0.870 val_acc 0.625 val_bal_acc 0.648 (best_bal 0.691 @ep14) [66.7s]
epoch  33/50 -- loss 0.2649 hop_alphas [-0.0487,-0.0574] train_acc 0.874 val_acc 0.654 val_bal_acc 0.686 (best_bal 0.691 @ep14) [67.8s]
epoch  34/50 -- loss 0.2612 hop_alphas [-0.0490,-0.0571] train_acc 0.878 val_acc 0.669 val_bal_acc 0.670 (best_bal 0.691 @ep14) [67.6s]
epoch  35/50 -- loss 0.2599 hop_alphas [-0.0493,-0.0611] train_acc 0.873 val_acc 0.632 val_bal_acc 0.637 (best_bal 0.691 @ep14) [62.0s]
epoch  36/50 -- loss 0.2435 hop_alphas [-0.0489,-0.0601] train_acc 0.890 val_acc 0.662 val_bal_acc 0.670 (best_bal 0.691 @ep14) [59.0s]
epoch  37/50 -- loss 0.2441 hop_alphas [-0.0493,-0.0564] train_acc 0.888 val_acc 0.625 val_bal_acc 0.626 (best_bal 0.691 @ep14) [60.0s]
epoch  38/50 -- loss 0.2550 hop_alphas [-0.0490,-0.0559] train_acc 0.875 val_acc 0.691 val_bal_acc 0.655 (best_bal 0.691 @ep14) [61.8s]
epoch  39/50 -- loss 0.2462 hop_alphas [-0.0482,-0.0546] train_acc 0.882 val_acc 0.632 val_bal_acc 0.632 (best_bal 0.691 @ep14) [61.3s]
epoch  40/50 -- loss 0.2573 hop_alphas [-0.0484,-0.0594] train_acc 0.874 val_acc 0.647 val_bal_acc 0.675 (best_bal 0.691 @ep14) [62.9s]
epoch  41/50 -- loss 0.2318 hop_alphas [-0.0490,-0.0646] train_acc 0.888 val_acc 0.647 val_bal_acc 0.654 (best_bal 0.691 @ep14) [63.4s]
epoch  42/50 -- loss 0.2457 hop_alphas [-0.0480,-0.0572] train_acc 0.890 val_acc 0.654 val_bal_acc 0.670 (best_bal 0.691 @ep14) [64.0s]
epoch  43/50 -- loss 0.2354 hop_alphas [-0.0481,-0.0586] train_acc 0.889 val_acc 0.618 val_bal_acc 0.589 (best_bal 0.691 @ep14) [64.7s]
epoch  44/50 -- loss 0.2429 hop_alphas [-0.0476,-0.0596] train_acc 0.884 val_acc 0.676 val_bal_acc 0.649 (best_bal 0.691 @ep14) [64.7s]
epoch  45/50 -- loss 0.2483 hop_alphas [-0.0494,-0.0591] train_acc 0.879 val_acc 0.640 val_bal_acc 0.616 (best_bal 0.691 @ep14) [65.6s]
epoch  46/50 -- loss 0.2470 hop_alphas [-0.0491,-0.0641] train_acc 0.885 val_acc 0.676 val_bal_acc 0.660 (best_bal 0.691 @ep14) [66.6s]
epoch  47/50 -- loss 0.2247 hop_alphas [-0.0491,-0.0620] train_acc 0.897 val_acc 0.654 val_bal_acc 0.643 (best_bal 0.691 @ep14) [66.1s]
epoch  48/50 -- loss 0.2186 hop_alphas [-0.0467,-0.0559] train_acc 0.906 val_acc 0.669 val_bal_acc 0.644 (best_bal 0.691 @ep14) [66.2s]
epoch  49/50 -- loss 0.2178 hop_alphas [-0.0484,-0.0569] train_acc 0.902 val_acc 0.654 val_bal_acc 0.643 (best_bal 0.691 @ep14) [66.1s]
epoch  50/50 -- loss 0.2290 hop_alphas [-0.0501,-0.0629] train_acc 0.889 val_acc 0.713 val_bal_acc 0.714 (best_bal 0.714 @ep50) [65.8s]

=== CAUEEG ShallowGNN (abnormal, multi-hop coupling, eval_tta=True) Eval Results ===
  accuracy: 0.6176
  f1: 0.6261
  sensitivity: 0.6444
  specificity: 0.5652
  final hop_alphas: [-0.0501, -0.0629]
