Using device: cpu, config: config_caueeg_abnormal_concept_bottleneck.yaml
CAUEEGEndToEndDataset(task=abnormal): 4435 samples (1107 subjects) for split=train
CAUEEGEndToEndDataset(task=abnormal): 136 samples (136 subjects) for split=val
CAUEEGEndToEndDataset(task=abnormal): 570 samples (136 subjects) for split=eval
task=abnormal train=4435 val=136 eval(test)=570
computing population concept normalization from train subjects...
  done in 2.9s
computing per-channel EEG normalization from train windows...
  done in 1.9s
class weights (power=1.5): {0: 0.6756265759468079, 1: 1.7029420137405396}
epoch   1/50 -- cls_loss 0.6426 conc_loss 0.0508 train_acc 0.509 val_acc 0.478 val_bal_acc 0.590 val_ema 0.590 (best_bal 0.590 @ep1) [52.2s]
epoch   2/50 -- cls_loss 0.6047 conc_loss 0.0386 train_acc 0.599 val_acc 0.537 val_bal_acc 0.623 val_ema 0.593 (best_bal 0.623 @ep2) [53.1s]
epoch   3/50 -- cls_loss 0.5874 conc_loss 0.0327 train_acc 0.628 val_acc 0.544 val_bal_acc 0.618 val_ema 0.596 (best_bal 0.618 @ep3) [52.7s]
epoch   4/50 -- cls_loss 0.5846 conc_loss 0.0303 train_acc 0.624 val_acc 0.596 val_bal_acc 0.663 val_ema 0.602 (best_bal 0.663 @ep4) [53.6s]
epoch   5/50 -- cls_loss 0.5777 conc_loss 0.0286 train_acc 0.637 val_acc 0.581 val_bal_acc 0.651 val_ema 0.607 (best_bal 0.651 @ep5) [53.9s]
epoch   6/50 -- cls_loss 0.5687 conc_loss 0.0279 train_acc 0.651 val_acc 0.507 val_bal_acc 0.612 val_ema 0.608 (best_bal 0.612 @ep6) [54.3s]
epoch   7/50 -- cls_loss 0.5585 conc_loss 0.0273 train_acc 0.650 val_acc 0.522 val_bal_acc 0.618 val_ema 0.609 (best_bal 0.618 @ep7) [49.9s]
epoch   8/50 -- cls_loss 0.5559 conc_loss 0.0270 train_acc 0.655 val_acc 0.544 val_bal_acc 0.629 val_ema 0.611 (best_bal 0.629 @ep8) [51.2s]
epoch   9/50 -- cls_loss 0.5586 conc_loss 0.0267 train_acc 0.657 val_acc 0.493 val_bal_acc 0.601 val_ema 0.610 (best_bal 0.629 @ep8) [57.8s]
epoch  10/50 -- cls_loss 0.5569 conc_loss 0.0266 train_acc 0.668 val_acc 0.559 val_bal_acc 0.614 val_ema 0.610 (best_bal 0.629 @ep8) [57.8s]
epoch  11/50 -- cls_loss 0.5496 conc_loss 0.0264 train_acc 0.657 val_acc 0.537 val_bal_acc 0.592 val_ema 0.608 (best_bal 0.629 @ep8) [56.7s]
epoch  12/50 -- cls_loss 0.5418 conc_loss 0.0264 train_acc 0.676 val_acc 0.529 val_bal_acc 0.623 val_ema 0.610 (best_bal 0.629 @ep8) [56.6s]
epoch  13/50 -- cls_loss 0.5440 conc_loss 0.0266 train_acc 0.662 val_acc 0.529 val_bal_acc 0.607 val_ema 0.609 (best_bal 0.629 @ep8) [57.4s]
epoch  14/50 -- cls_loss 0.5360 conc_loss 0.0264 train_acc 0.674 val_acc 0.544 val_bal_acc 0.624 val_ema 0.611 (best_bal 0.624 @ep14) [58.2s]
epoch  15/50 -- cls_loss 0.5466 conc_loss 0.0257 train_acc 0.667 val_acc 0.529 val_bal_acc 0.629 val_ema 0.613 (best_bal 0.629 @ep15) [57.8s]
epoch  16/50 -- cls_loss 0.5472 conc_loss 0.0259 train_acc 0.656 val_acc 0.537 val_bal_acc 0.629 val_ema 0.614 (best_bal 0.629 @ep16) [58.1s]
epoch  17/50 -- cls_loss 0.5482 conc_loss 0.0261 train_acc 0.660 val_acc 0.566 val_bal_acc 0.640 val_ema 0.617 (best_bal 0.640 @ep17) [58.5s]
epoch  18/50 -- cls_loss 0.5293 conc_loss 0.0257 train_acc 0.680 val_acc 0.544 val_bal_acc 0.613 val_ema 0.616 (best_bal 0.640 @ep17) [58.6s]
epoch  19/50 -- cls_loss 0.5307 conc_loss 0.0260 train_acc 0.687 val_acc 0.551 val_bal_acc 0.635 val_ema 0.618 (best_bal 0.635 @ep19) [58.9s]
epoch  20/50 -- cls_loss 0.5356 conc_loss 0.0255 train_acc 0.673 val_acc 0.581 val_bal_acc 0.646 val_ema 0.621 (best_bal 0.646 @ep20) [58.9s]
epoch  21/50 -- cls_loss 0.5333 conc_loss 0.0258 train_acc 0.683 val_acc 0.537 val_bal_acc 0.629 val_ema 0.622 (best_bal 0.629 @ep21) [59.9s]
epoch  22/50 -- cls_loss 0.5290 conc_loss 0.0259 train_acc 0.672 val_acc 0.551 val_bal_acc 0.587 val_ema 0.618 (best_bal 0.629 @ep21) [63.1s]
epoch  23/50 -- cls_loss 0.5222 conc_loss 0.0258 train_acc 0.688 val_acc 0.551 val_bal_acc 0.635 val_ema 0.620 (best_bal 0.629 @ep21) [62.3s]
epoch  24/50 -- cls_loss 0.5377 conc_loss 0.0255 train_acc 0.684 val_acc 0.566 val_bal_acc 0.619 val_ema 0.620 (best_bal 0.629 @ep21) [62.7s]
epoch  25/50 -- cls_loss 0.5257 conc_loss 0.0255 train_acc 0.681 val_acc 0.574 val_bal_acc 0.641 val_ema 0.622 (best_bal 0.641 @ep25) [61.7s]
epoch  26/50 -- cls_loss 0.5321 conc_loss 0.0255 train_acc 0.688 val_acc 0.559 val_bal_acc 0.640 val_ema 0.624 (best_bal 0.640 @ep26) [61.1s]
epoch  27/50 -- cls_loss 0.5278 conc_loss 0.0255 train_acc 0.688 val_acc 0.581 val_bal_acc 0.657 val_ema 0.627 (best_bal 0.657 @ep27) [60.3s]
epoch  28/50 -- cls_loss 0.5353 conc_loss 0.0253 train_acc 0.678 val_acc 0.581 val_bal_acc 0.651 val_ema 0.629 (best_bal 0.651 @ep28) [60.1s]
epoch  29/50 -- cls_loss 0.5213 conc_loss 0.0250 train_acc 0.687 val_acc 0.551 val_bal_acc 0.640 val_ema 0.631 (best_bal 0.640 @ep29) [60.8s]
epoch  30/50 -- cls_loss 0.5216 conc_loss 0.0251 train_acc 0.683 val_acc 0.588 val_bal_acc 0.652 val_ema 0.633 (best_bal 0.652 @ep30) [56.2s]
epoch  31/50 -- cls_loss 0.5208 conc_loss 0.0250 train_acc 0.676 val_acc 0.559 val_bal_acc 0.640 val_ema 0.633 (best_bal 0.640 @ep31) [55.7s]
epoch  32/50 -- cls_loss 0.5198 conc_loss 0.0254 train_acc 0.688 val_acc 0.566 val_bal_acc 0.651 val_ema 0.635 (best_bal 0.651 @ep32) [55.5s]
epoch  33/50 -- cls_loss 0.5248 conc_loss 0.0251 train_acc 0.686 val_acc 0.537 val_bal_acc 0.607 val_ema 0.632 (best_bal 0.651 @ep32) [56.7s]
epoch  34/50 -- cls_loss 0.5274 conc_loss 0.0252 train_acc 0.680 val_acc 0.522 val_bal_acc 0.607 val_ema 0.630 (best_bal 0.651 @ep32) [57.3s]
epoch  35/50 -- cls_loss 0.5291 conc_loss 0.0252 train_acc 0.675 val_acc 0.544 val_bal_acc 0.634 val_ema 0.630 (best_bal 0.651 @ep32) [58.1s]
epoch  36/50 -- cls_loss 0.5332 conc_loss 0.0252 train_acc 0.675 val_acc 0.581 val_bal_acc 0.646 val_ema 0.632 (best_bal 0.651 @ep32) [57.4s]
epoch  37/50 -- cls_loss 0.5173 conc_loss 0.0250 train_acc 0.686 val_acc 0.566 val_bal_acc 0.656 val_ema 0.634 (best_bal 0.651 @ep32) [57.1s]
epoch  38/50 -- cls_loss 0.5219 conc_loss 0.0248 train_acc 0.685 val_acc 0.559 val_bal_acc 0.651 val_ema 0.636 (best_bal 0.651 @ep38) [57.8s]
epoch  39/50 -- cls_loss 0.5204 conc_loss 0.0249 train_acc 0.686 val_acc 0.566 val_bal_acc 0.656 val_ema 0.638 (best_bal 0.656 @ep39) [58.2s]
epoch  40/50 -- cls_loss 0.5213 conc_loss 0.0252 train_acc 0.685 val_acc 0.507 val_bal_acc 0.607 val_ema 0.635 (best_bal 0.656 @ep39) [58.2s]
epoch  41/50 -- cls_loss 0.5254 conc_loss 0.0247 train_acc 0.683 val_acc 0.603 val_bal_acc 0.642 val_ema 0.636 (best_bal 0.656 @ep39) [58.9s]
epoch  42/50 -- cls_loss 0.5274 conc_loss 0.0250 train_acc 0.690 val_acc 0.581 val_bal_acc 0.662 val_ema 0.638 (best_bal 0.662 @ep42) [59.3s]
epoch  43/50 -- cls_loss 0.5165 conc_loss 0.0251 train_acc 0.688 val_acc 0.566 val_bal_acc 0.646 val_ema 0.639 (best_bal 0.646 @ep43) [58.8s]
epoch  44/50 -- cls_loss 0.5183 conc_loss 0.0252 train_acc 0.685 val_acc 0.610 val_bal_acc 0.663 val_ema 0.641 (best_bal 0.663 @ep44) [58.7s]
epoch  45/50 -- cls_loss 0.5259 conc_loss 0.0251 train_acc 0.680 val_acc 0.610 val_bal_acc 0.663 val_ema 0.644 (best_bal 0.663 @ep45) [59.2s]
epoch  46/50 -- cls_loss 0.5198 conc_loss 0.0244 train_acc 0.688 val_acc 0.559 val_bal_acc 0.640 val_ema 0.643 (best_bal 0.663 @ep45) [60.0s]
epoch  47/50 -- cls_loss 0.5181 conc_loss 0.0251 train_acc 0.694 val_acc 0.618 val_bal_acc 0.685 val_ema 0.647 (best_bal 0.685 @ep47) [56.3s]
epoch  48/50 -- cls_loss 0.5171 conc_loss 0.0246 train_acc 0.694 val_acc 0.603 val_bal_acc 0.668 val_ema 0.649 (best_bal 0.668 @ep48) [55.4s]
epoch  49/50 -- cls_loss 0.5121 conc_loss 0.0244 train_acc 0.689 val_acc 0.566 val_bal_acc 0.646 val_ema 0.649 (best_bal 0.668 @ep48) [54.5s]
epoch  50/50 -- cls_loss 0.5237 conc_loss 0.0246 train_acc 0.698 val_acc 0.537 val_bal_acc 0.613 val_ema 0.645 (best_bal 0.668 @ep48) [54.8s]

=== CAUEEG Concept Bottleneck ShallowCNN Eval Results (abnormal, eval_tta=True) ===
  accuracy: 0.6176
  f1: 0.6270
  sensitivity: 0.5556
  specificity: 0.7391

=== Concept Prediction Quality (R^2 per concept, n=570) ===
  frontal_delta                R2=0.151
  frontal_theta                R2=0.644
  frontal_alpha                R2=0.548
  frontal_beta                 R2=0.372
  temporal_delta               R2=0.300
  temporal_theta               R2=0.681
  temporal_alpha               R2=0.474
  temporal_beta                R2=0.471
  central_delta                R2=0.280
  central_theta                R2=0.723
  central_alpha                R2=0.650
  central_beta                 R2=0.490
  parietal_delta               R2=0.274
  parietal_theta               R2=0.674
  parietal_alpha               R2=0.536
  parietal_beta                R2=0.545
  occipital_delta              R2=0.258
  occipital_theta              R2=0.607
  occipital_alpha              R2=0.371
  occipital_beta               R2=0.518
  frontal_alpha_asym           R2=-0.032
  temporal_alpha_asym          R2=-0.005
  posterior_alpha_asym         R2=0.012
  theta_alpha_ratio            R2=0.366
  delta_alpha_ratio            R2=0.288
  dtabr                        R2=-0.083
  alpha_peak_freq              R2=0.174
  alpha_peak_amplitude         R2=0.304
  mean R^2 across all 28 concepts: 0.378
