Using device: cpu
TUHEndToEndDataset: 2717 subjects for split=train
TUHEndToEndDataset: 276 subjects for split=eval
train=2174 val=543 eval(test)=276
computing population concept normalization from train subjects...
  done in 3.5s
class weights (power=1.5): {0: 1.0139598846435547, 1: 0.986357569694519}
excluding 4 confirmed-dead concepts from the concept loss: ['frontal_alpha', 'temporal_alpha', 'parietal_alpha', 'frontal_alpha_asym']
epoch   1/50 -- cls_loss 0.6039 conc_loss 0.0626 hop_alphas [-0.0394,-0.0162] train_acc 0.710 val_acc 0.750 val_bal_acc 0.750 val_ema 0.750 (best_bal 0.750 @ep1) [107.8s]
epoch   2/50 -- cls_loss 0.4646 conc_loss 0.0475 hop_alphas [-0.0418,-0.0075] train_acc 0.804 val_acc 0.827 val_bal_acc 0.827 val_ema 0.758 (best_bal 0.827 @ep2) [99.3s]
epoch   3/50 -- cls_loss 0.4223 conc_loss 0.0423 hop_alphas [-0.0377,-0.0160] train_acc 0.816 val_acc 0.827 val_bal_acc 0.826 val_ema 0.765 (best_bal 0.826 @ep3) [99.8s]
epoch   4/50 -- cls_loss 0.4063 conc_loss 0.0378 hop_alphas [-0.0394,-0.0115] train_acc 0.821 val_acc 0.840 val_bal_acc 0.840 val_ema 0.772 (best_bal 0.840 @ep4) [100.3s]
epoch   5/50 -- cls_loss 0.3952 conc_loss 0.0363 hop_alphas [-0.0397,-0.0179] train_acc 0.833 val_acc 0.821 val_bal_acc 0.822 val_ema 0.777 (best_bal 0.822 @ep5) [100.8s]
epoch   6/50 -- cls_loss 0.3979 conc_loss 0.0341 hop_alphas [-0.0383,-0.0192] train_acc 0.824 val_acc 0.853 val_bal_acc 0.852 val_ema 0.785 (best_bal 0.852 @ep6) [100.9s]
epoch   7/50 -- cls_loss 0.3741 conc_loss 0.0334 hop_alphas [-0.0403,-0.0184] train_acc 0.839 val_acc 0.849 val_bal_acc 0.848 val_ema 0.791 (best_bal 0.848 @ep7) [112.8s]
epoch   8/50 -- cls_loss 0.3790 conc_loss 0.0326 hop_alphas [-0.0419,-0.0208] train_acc 0.845 val_acc 0.847 val_bal_acc 0.847 val_ema 0.797 (best_bal 0.847 @ep8) [125.3s]
epoch   9/50 -- cls_loss 0.3669 conc_loss 0.0318 hop_alphas [-0.0419,-0.0201] train_acc 0.838 val_acc 0.831 val_bal_acc 0.831 val_ema 0.800 (best_bal 0.831 @ep9) [118.6s]
epoch  10/50 -- cls_loss 0.3504 conc_loss 0.0315 hop_alphas [-0.0416,-0.0191] train_acc 0.850 val_acc 0.843 val_bal_acc 0.843 val_ema 0.804 (best_bal 0.843 @ep10) [110.2s]
epoch  11/50 -- cls_loss 0.3562 conc_loss 0.0316 hop_alphas [-0.0414,-0.0156] train_acc 0.847 val_acc 0.829 val_bal_acc 0.828 val_ema 0.807 (best_bal 0.828 @ep11) [111.6s]
epoch  12/50 -- cls_loss 0.3653 conc_loss 0.0310 hop_alphas [-0.0418,-0.0213] train_acc 0.842 val_acc 0.855 val_bal_acc 0.854 val_ema 0.811 (best_bal 0.854 @ep12) [104.0s]
epoch  13/50 -- cls_loss 0.3340 conc_loss 0.0309 hop_alphas [-0.0409,-0.0258] train_acc 0.860 val_acc 0.856 val_bal_acc 0.856 val_ema 0.816 (best_bal 0.856 @ep13) [104.8s]
epoch  14/50 -- cls_loss 0.3336 conc_loss 0.0304 hop_alphas [-0.0428,-0.0211] train_acc 0.859 val_acc 0.843 val_bal_acc 0.844 val_ema 0.819 (best_bal 0.844 @ep14) [105.6s]
epoch  15/50 -- cls_loss 0.3424 conc_loss 0.0309 hop_alphas [-0.0416,-0.0215] train_acc 0.850 val_acc 0.856 val_bal_acc 0.856 val_ema 0.822 (best_bal 0.856 @ep15) [107.7s]
epoch  16/50 -- cls_loss 0.3470 conc_loss 0.0305 hop_alphas [-0.0384,-0.0228] train_acc 0.846 val_acc 0.843 val_bal_acc 0.843 val_ema 0.825 (best_bal 0.843 @ep16) [107.9s]
epoch  17/50 -- cls_loss 0.3437 conc_loss 0.0305 hop_alphas [-0.0418,-0.0204] train_acc 0.848 val_acc 0.853 val_bal_acc 0.852 val_ema 0.827 (best_bal 0.852 @ep17) [105.9s]
epoch  18/50 -- cls_loss 0.3349 conc_loss 0.0301 hop_alphas [-0.0443,-0.0193] train_acc 0.855 val_acc 0.862 val_bal_acc 0.862 val_ema 0.831 (best_bal 0.862 @ep18) [107.6s]
epoch  19/50 -- cls_loss 0.3335 conc_loss 0.0306 hop_alphas [-0.0424,-0.0230] train_acc 0.860 val_acc 0.843 val_bal_acc 0.843 val_ema 0.832 (best_bal 0.843 @ep19) [111.4s]
epoch  20/50 -- cls_loss 0.3390 conc_loss 0.0300 hop_alphas [-0.0423,-0.0235] train_acc 0.853 val_acc 0.855 val_bal_acc 0.854 val_ema 0.834 (best_bal 0.854 @ep20) [108.7s]
epoch  21/50 -- cls_loss 0.3282 conc_loss 0.0302 hop_alphas [-0.0416,-0.0287] train_acc 0.862 val_acc 0.864 val_bal_acc 0.864 val_ema 0.837 (best_bal 0.864 @ep21) [107.4s]
epoch  22/50 -- cls_loss 0.3122 conc_loss 0.0300 hop_alphas [-0.0427,-0.0242] train_acc 0.868 val_acc 0.864 val_bal_acc 0.864 val_ema 0.840 (best_bal 0.864 @ep22) [108.0s]
epoch  23/50 -- cls_loss 0.3319 conc_loss 0.0298 hop_alphas [-0.0410,-0.0271] train_acc 0.864 val_acc 0.862 val_bal_acc 0.862 val_ema 0.842 (best_bal 0.862 @ep23) [109.4s]
epoch  24/50 -- cls_loss 0.3132 conc_loss 0.0299 hop_alphas [-0.0396,-0.0291] train_acc 0.865 val_acc 0.851 val_bal_acc 0.850 val_ema 0.843 (best_bal 0.850 @ep24) [108.1s]
epoch  25/50 -- cls_loss 0.3074 conc_loss 0.0301 hop_alphas [-0.0419,-0.0271] train_acc 0.868 val_acc 0.851 val_bal_acc 0.850 val_ema 0.844 (best_bal 0.850 @ep25) [108.3s]
epoch  26/50 -- cls_loss 0.3206 conc_loss 0.0307 hop_alphas [-0.0408,-0.0301] train_acc 0.861 val_acc 0.851 val_bal_acc 0.850 val_ema 0.844 (best_bal 0.850 @ep26) [108.2s]
epoch  27/50 -- cls_loss 0.3112 conc_loss 0.0307 hop_alphas [-0.0415,-0.0266] train_acc 0.862 val_acc 0.843 val_bal_acc 0.843 val_ema 0.844 (best_bal 0.850 @ep26) [107.9s]
epoch  28/50 -- cls_loss 0.3029 conc_loss 0.0301 hop_alphas [-0.0406,-0.0303] train_acc 0.872 val_acc 0.838 val_bal_acc 0.837 val_ema 0.843 (best_bal 0.850 @ep26) [109.3s]
epoch  29/50 -- cls_loss 0.3052 conc_loss 0.0299 hop_alphas [-0.0428,-0.0224] train_acc 0.870 val_acc 0.843 val_bal_acc 0.843 val_ema 0.843 (best_bal 0.850 @ep26) [111.5s]
epoch  30/50 -- cls_loss 0.3083 conc_loss 0.0298 hop_alphas [-0.0430,-0.0293] train_acc 0.873 val_acc 0.827 val_bal_acc 0.826 val_ema 0.842 (best_bal 0.850 @ep26) [107.8s]
epoch  31/50 -- cls_loss 0.2932 conc_loss 0.0297 hop_alphas [-0.0421,-0.0249] train_acc 0.880 val_acc 0.842 val_bal_acc 0.841 val_ema 0.842 (best_bal 0.850 @ep26) [107.2s]
epoch  32/50 -- cls_loss 0.2925 conc_loss 0.0303 hop_alphas [-0.0389,-0.0287] train_acc 0.881 val_acc 0.858 val_bal_acc 0.858 val_ema 0.843 (best_bal 0.850 @ep26) [107.1s]
epoch  33/50 -- cls_loss 0.2997 conc_loss 0.0298 hop_alphas [-0.0410,-0.0305] train_acc 0.880 val_acc 0.858 val_bal_acc 0.858 val_ema 0.845 (best_bal 0.858 @ep33) [107.3s]
epoch  34/50 -- cls_loss 0.2821 conc_loss 0.0298 hop_alphas [-0.0424,-0.0282] train_acc 0.881 val_acc 0.842 val_bal_acc 0.841 val_ema 0.844 (best_bal 0.858 @ep33) [106.1s]
epoch  35/50 -- cls_loss 0.2910 conc_loss 0.0304 hop_alphas [-0.0403,-0.0299] train_acc 0.878 val_acc 0.855 val_bal_acc 0.854 val_ema 0.845 (best_bal 0.854 @ep35) [105.9s]
epoch  36/50 -- cls_loss 0.2693 conc_loss 0.0302 hop_alphas [-0.0405,-0.0278] train_acc 0.883 val_acc 0.856 val_bal_acc 0.856 val_ema 0.846 (best_bal 0.856 @ep36) [106.4s]
epoch  37/50 -- cls_loss 0.2936 conc_loss 0.0297 hop_alphas [-0.0434,-0.0254] train_acc 0.880 val_acc 0.862 val_bal_acc 0.862 val_ema 0.848 (best_bal 0.862 @ep37) [106.0s]
epoch  38/50 -- cls_loss 0.2940 conc_loss 0.0301 hop_alphas [-0.0408,-0.0332] train_acc 0.877 val_acc 0.855 val_bal_acc 0.854 val_ema 0.849 (best_bal 0.854 @ep38) [105.8s]
epoch  39/50 -- cls_loss 0.2843 conc_loss 0.0293 hop_alphas [-0.0395,-0.0318] train_acc 0.877 val_acc 0.851 val_bal_acc 0.851 val_ema 0.849 (best_bal 0.851 @ep39) [106.0s]
epoch  40/50 -- cls_loss 0.2899 conc_loss 0.0301 hop_alphas [-0.0403,-0.0295] train_acc 0.880 val_acc 0.843 val_bal_acc 0.843 val_ema 0.848 (best_bal 0.851 @ep39) [105.2s]
epoch  41/50 -- cls_loss 0.2686 conc_loss 0.0293 hop_alphas [-0.0423,-0.0276] train_acc 0.892 val_acc 0.851 val_bal_acc 0.850 val_ema 0.848 (best_bal 0.851 @ep39) [101.4s]
epoch  42/50 -- cls_loss 0.2936 conc_loss 0.0298 hop_alphas [-0.0406,-0.0324] train_acc 0.874 val_acc 0.853 val_bal_acc 0.852 val_ema 0.849 (best_bal 0.852 @ep42) [101.6s]
epoch  43/50 -- cls_loss 0.2684 conc_loss 0.0298 hop_alphas [-0.0400,-0.0308] train_acc 0.892 val_acc 0.851 val_bal_acc 0.850 val_ema 0.849 (best_bal 0.850 @ep43) [102.1s]
epoch  44/50 -- cls_loss 0.2712 conc_loss 0.0298 hop_alphas [-0.0434,-0.0280] train_acc 0.895 val_acc 0.856 val_bal_acc 0.856 val_ema 0.850 (best_bal 0.856 @ep44) [107.2s]
epoch  45/50 -- cls_loss 0.2779 conc_loss 0.0299 hop_alphas [-0.0399,-0.0313] train_acc 0.881 val_acc 0.831 val_bal_acc 0.830 val_ema 0.848 (best_bal 0.856 @ep44) [116.9s]
epoch  46/50 -- cls_loss 0.2711 conc_loss 0.0296 hop_alphas [-0.0409,-0.0337] train_acc 0.893 val_acc 0.836 val_bal_acc 0.835 val_ema 0.846 (best_bal 0.856 @ep44) [118.7s]
epoch  47/50 -- cls_loss 0.2698 conc_loss 0.0300 hop_alphas [-0.0423,-0.0302] train_acc 0.896 val_acc 0.849 val_bal_acc 0.849 val_ema 0.847 (best_bal 0.856 @ep44) [112.5s]
epoch  48/50 -- cls_loss 0.2673 conc_loss 0.0298 hop_alphas [-0.0424,-0.0305] train_acc 0.887 val_acc 0.842 val_bal_acc 0.842 val_ema 0.846 (best_bal 0.856 @ep44) [111.6s]
epoch  49/50 -- cls_loss 0.2604 conc_loss 0.0303 hop_alphas [-0.0421,-0.0334] train_acc 0.892 val_acc 0.853 val_bal_acc 0.852 val_ema 0.847 (best_bal 0.856 @ep44) [118.5s]
epoch  50/50 -- cls_loss 0.2599 conc_loss 0.0303 hop_alphas [-0.0406,-0.0334] train_acc 0.894 val_acc 0.855 val_bal_acc 0.854 val_ema 0.847 (best_bal 0.856 @ep44) [131.4s]

=== TUH Concept Bottleneck GNN Eval Results ===
  accuracy: 0.8587
  f1: 0.8583
  sensitivity: 0.8175
  specificity: 0.8933
  (plain CNN baseline: accuracy=0.8514; plain concept bottleneck: accuracy=0.8188)

=== Concept Prediction Quality (R^2 per concept, n=276) ===
  frontal_delta                R2=0.104
  frontal_theta                R2=0.189
  frontal_alpha                R2=-0.071
  frontal_beta                 R2=0.437 <- beta
  temporal_delta               R2=0.353
  temporal_theta               R2=0.298
  temporal_alpha               R2=-0.118
  temporal_beta                R2=0.448 <- beta
  central_delta                R2=0.383
  central_theta                R2=0.260
  central_alpha                R2=0.008
  central_beta                 R2=0.239 <- beta
  parietal_delta               R2=0.408
  parietal_theta               R2=0.283
  parietal_alpha               R2=-0.099
  parietal_beta                R2=0.056 <- beta
  occipital_delta              R2=0.234
  occipital_theta              R2=0.110
  occipital_alpha              R2=0.114
  occipital_beta               R2=0.436 <- beta
  frontal_alpha_asym           R2=-0.050 <- asym
  temporal_alpha_asym          R2=-0.004 <- asym
  posterior_alpha_asym         R2=0.029 <- asym
  theta_alpha_ratio            R2=0.439
  delta_alpha_ratio            R2=-0.317
  dtabr                        R2=-0.510
  alpha_peak_freq              R2=0.327
  alpha_peak_amplitude         R2=-3.104
  mean R^2 across all 28 concepts: 0.032 (plain concept bottleneck: -0.142)
