Using device: cpu
TUHEndToEndDataset: 2717 subjects for split=train
TUHEndToEndDataset: 276 subjects for split=eval
train=2174 val=543 eval(test)=276
class weights (power=1.5): {0: 1.0139598846435547, 1: 0.986357569694519}
epoch   1/50 -- loss 0.4774 train_acc 0.791 val_acc 0.803 val_bal_acc 0.803 (best_bal 0.803 @ep1) [61.1s]
epoch   2/50 -- loss 0.4759 train_acc 0.781 val_acc 0.834 val_bal_acc 0.834 (best_bal 0.834 @ep2) [58.9s]
epoch   3/50 -- loss 0.4392 train_acc 0.799 val_acc 0.829 val_bal_acc 0.829 (best_bal 0.834 @ep2) [59.5s]
epoch   4/50 -- loss 0.4213 train_acc 0.807 val_acc 0.821 val_bal_acc 0.820 (best_bal 0.834 @ep2) [59.2s]
epoch   5/50 -- loss 0.4233 train_acc 0.807 val_acc 0.831 val_bal_acc 0.830 (best_bal 0.834 @ep2) [59.3s]
epoch   6/50 -- loss 0.4098 train_acc 0.813 val_acc 0.829 val_bal_acc 0.829 (best_bal 0.834 @ep2) [59.1s]
epoch   7/50 -- loss 0.4016 train_acc 0.815 val_acc 0.838 val_bal_acc 0.838 (best_bal 0.838 @ep7) [59.0s]
epoch   8/50 -- loss 0.4061 train_acc 0.819 val_acc 0.849 val_bal_acc 0.848 (best_bal 0.848 @ep8) [59.4s]
epoch   9/50 -- loss 0.3971 train_acc 0.823 val_acc 0.842 val_bal_acc 0.841 (best_bal 0.848 @ep8) [59.4s]
epoch  10/50 -- loss 0.3801 train_acc 0.830 val_acc 0.827 val_bal_acc 0.827 (best_bal 0.848 @ep8) [59.0s]
epoch  11/50 -- loss 0.3974 train_acc 0.822 val_acc 0.851 val_bal_acc 0.851 (best_bal 0.851 @ep11) [59.7s]
epoch  12/50 -- loss 0.3904 train_acc 0.832 val_acc 0.853 val_bal_acc 0.853 (best_bal 0.853 @ep12) [61.2s]
epoch  13/50 -- loss 0.3889 train_acc 0.826 val_acc 0.855 val_bal_acc 0.854 (best_bal 0.854 @ep13) [63.4s]
epoch  14/50 -- loss 0.3761 train_acc 0.835 val_acc 0.843 val_bal_acc 0.843 (best_bal 0.854 @ep13) [64.1s]
epoch  15/50 -- loss 0.3931 train_acc 0.823 val_acc 0.788 val_bal_acc 0.789 (best_bal 0.854 @ep13) [63.8s]
epoch  16/50 -- loss 0.3839 train_acc 0.834 val_acc 0.842 val_bal_acc 0.842 (best_bal 0.854 @ep13) [64.0s]
epoch  17/50 -- loss 0.3719 train_acc 0.830 val_acc 0.840 val_bal_acc 0.839 (best_bal 0.854 @ep13) [64.3s]
epoch  18/50 -- loss 0.3802 train_acc 0.836 val_acc 0.849 val_bal_acc 0.848 (best_bal 0.854 @ep13) [64.5s]
epoch  19/50 -- loss 0.3730 train_acc 0.834 val_acc 0.832 val_bal_acc 0.833 (best_bal 0.854 @ep13) [64.6s]
epoch  20/50 -- loss 0.3757 train_acc 0.837 val_acc 0.849 val_bal_acc 0.849 (best_bal 0.854 @ep13) [64.8s]
epoch  21/50 -- loss 0.3659 train_acc 0.837 val_acc 0.855 val_bal_acc 0.855 (best_bal 0.855 @ep21) [64.7s]
epoch  22/50 -- loss 0.3574 train_acc 0.844 val_acc 0.855 val_bal_acc 0.854 (best_bal 0.855 @ep21) [65.7s]
epoch  23/50 -- loss 0.3732 train_acc 0.839 val_acc 0.849 val_bal_acc 0.849 (best_bal 0.855 @ep21) [66.0s]
epoch  24/50 -- loss 0.3682 train_acc 0.835 val_acc 0.853 val_bal_acc 0.853 (best_bal 0.855 @ep21) [65.8s]
epoch  25/50 -- loss 0.3669 train_acc 0.845 val_acc 0.831 val_bal_acc 0.831 (best_bal 0.855 @ep21) [66.2s]
epoch  26/50 -- loss 0.3585 train_acc 0.840 val_acc 0.853 val_bal_acc 0.852 (best_bal 0.855 @ep21) [65.3s]
epoch  27/50 -- loss 0.3634 train_acc 0.840 val_acc 0.858 val_bal_acc 0.858 (best_bal 0.858 @ep27) [65.3s]
epoch  28/50 -- loss 0.3760 train_acc 0.836 val_acc 0.858 val_bal_acc 0.857 (best_bal 0.858 @ep27) [65.7s]
epoch  29/50 -- loss 0.3544 train_acc 0.839 val_acc 0.856 val_bal_acc 0.856 (best_bal 0.858 @ep27) [65.4s]
epoch  30/50 -- loss 0.3621 train_acc 0.848 val_acc 0.858 val_bal_acc 0.858 (best_bal 0.858 @ep30) [65.4s]
epoch  31/50 -- loss 0.3624 train_acc 0.835 val_acc 0.853 val_bal_acc 0.852 (best_bal 0.858 @ep30) [65.3s]
epoch  32/50 -- loss 0.3517 train_acc 0.850 val_acc 0.853 val_bal_acc 0.852 (best_bal 0.858 @ep30) [65.6s]
epoch  33/50 -- loss 0.3544 train_acc 0.850 val_acc 0.862 val_bal_acc 0.862 (best_bal 0.862 @ep33) [65.6s]
epoch  34/50 -- loss 0.3574 train_acc 0.844 val_acc 0.862 val_bal_acc 0.861 (best_bal 0.862 @ep33) [66.0s]
epoch  35/50 -- loss 0.3532 train_acc 0.848 val_acc 0.864 val_bal_acc 0.863 (best_bal 0.863 @ep35) [65.9s]
epoch  36/50 -- loss 0.3563 train_acc 0.848 val_acc 0.847 val_bal_acc 0.848 (best_bal 0.863 @ep35) [65.6s]
epoch  37/50 -- loss 0.3585 train_acc 0.847 val_acc 0.842 val_bal_acc 0.842 (best_bal 0.863 @ep35) [65.1s]
epoch  38/50 -- loss 0.3454 train_acc 0.851 val_acc 0.858 val_bal_acc 0.858 (best_bal 0.863 @ep35) [65.5s]
epoch  39/50 -- loss 0.3546 train_acc 0.836 val_acc 0.855 val_bal_acc 0.854 (best_bal 0.863 @ep35) [65.9s]
epoch  40/50 -- loss 0.3400 train_acc 0.845 val_acc 0.845 val_bal_acc 0.846 (best_bal 0.863 @ep35) [66.0s]
epoch  41/50 -- loss 0.3433 train_acc 0.848 val_acc 0.862 val_bal_acc 0.861 (best_bal 0.863 @ep35) [65.7s]
epoch  42/50 -- loss 0.3612 train_acc 0.834 val_acc 0.836 val_bal_acc 0.835 (best_bal 0.863 @ep35) [65.8s]
epoch  43/50 -- loss 0.3438 train_acc 0.848 val_acc 0.851 val_bal_acc 0.851 (best_bal 0.863 @ep35) [65.2s]
epoch  44/50 -- loss 0.3527 train_acc 0.849 val_acc 0.838 val_bal_acc 0.837 (best_bal 0.863 @ep35) [65.7s]
epoch  45/50 -- loss 0.3472 train_acc 0.843 val_acc 0.856 val_bal_acc 0.856 (best_bal 0.863 @ep35) [65.4s]
epoch  46/50 -- loss 0.3413 train_acc 0.851 val_acc 0.858 val_bal_acc 0.858 (best_bal 0.863 @ep35) [64.8s]
epoch  47/50 -- loss 0.3578 train_acc 0.843 val_acc 0.858 val_bal_acc 0.858 (best_bal 0.863 @ep35) [65.0s]
epoch  48/50 -- loss 0.3394 train_acc 0.850 val_acc 0.860 val_bal_acc 0.860 (best_bal 0.863 @ep35) [64.8s]
epoch  49/50 -- loss 0.3535 train_acc 0.837 val_acc 0.856 val_bal_acc 0.856 (best_bal 0.863 @ep35) [65.3s]
epoch  50/50 -- loss 0.3361 train_acc 0.862 val_acc 0.842 val_bal_acc 0.842 (best_bal 0.863 @ep35) [65.0s]

=== TUH Shallow-CNN (no physics) Eval Results ===
  accuracy: 0.8514
  f1: 0.8503
  sensitivity: 0.7778
  specificity: 0.9133
