Using device: cpu
TUHEndToEndDataset: 2717 subjects for split=train
TUHEndToEndDataset: 276 subjects for split=eval
train=2174 val=543 eval(test)=276
class weights (power=1.5): {0: 1.0139598846435547, 1: 0.986357569694519}
epoch   1/50 -- loss 0.5652 hop_alphas [-0.0272,0.0014] train_acc 0.713 val_acc 0.729 val_bal_acc 0.731 (best_bal 0.731 @ep1) [92.1s]
epoch   2/50 -- loss 0.4885 hop_alphas [-0.0343,-0.0075] train_acc 0.785 val_acc 0.770 val_bal_acc 0.768 (best_bal 0.768 @ep2) [75.9s]
epoch   3/50 -- loss 0.4416 hop_alphas [-0.0386,-0.0123] train_acc 0.805 val_acc 0.803 val_bal_acc 0.803 (best_bal 0.803 @ep3) [79.6s]
epoch   4/50 -- loss 0.4217 hop_alphas [-0.0357,-0.0094] train_acc 0.816 val_acc 0.820 val_bal_acc 0.820 (best_bal 0.820 @ep4) [77.1s]
epoch   5/50 -- loss 0.4044 hop_alphas [-0.0400,-0.0157] train_acc 0.823 val_acc 0.827 val_bal_acc 0.827 (best_bal 0.827 @ep5) [74.8s]
epoch   6/50 -- loss 0.4004 hop_alphas [-0.0420,-0.0084] train_acc 0.821 val_acc 0.845 val_bal_acc 0.845 (best_bal 0.845 @ep6) [79.8s]
epoch   7/50 -- loss 0.3882 hop_alphas [-0.0406,-0.0120] train_acc 0.829 val_acc 0.849 val_bal_acc 0.849 (best_bal 0.849 @ep7) [76.1s]
epoch   8/50 -- loss 0.3734 hop_alphas [-0.0404,-0.0121] train_acc 0.842 val_acc 0.836 val_bal_acc 0.835 (best_bal 0.849 @ep7) [78.8s]
epoch   9/50 -- loss 0.3607 hop_alphas [-0.0407,-0.0128] train_acc 0.842 val_acc 0.842 val_bal_acc 0.841 (best_bal 0.849 @ep7) [76.8s]
epoch  10/50 -- loss 0.3544 hop_alphas [-0.0389,-0.0124] train_acc 0.843 val_acc 0.840 val_bal_acc 0.840 (best_bal 0.849 @ep7) [83.2s]
epoch  11/50 -- loss 0.3640 hop_alphas [-0.0403,-0.0189] train_acc 0.841 val_acc 0.834 val_bal_acc 0.834 (best_bal 0.849 @ep7) [84.3s]
epoch  12/50 -- loss 0.3528 hop_alphas [-0.0412,-0.0179] train_acc 0.840 val_acc 0.807 val_bal_acc 0.807 (best_bal 0.849 @ep7) [85.5s]
epoch  13/50 -- loss 0.3642 hop_alphas [-0.0415,-0.0172] train_acc 0.846 val_acc 0.856 val_bal_acc 0.856 (best_bal 0.856 @ep13) [78.2s]
epoch  14/50 -- loss 0.3412 hop_alphas [-0.0427,-0.0183] train_acc 0.847 val_acc 0.842 val_bal_acc 0.841 (best_bal 0.856 @ep13) [70.8s]
epoch  15/50 -- loss 0.3345 hop_alphas [-0.0433,-0.0195] train_acc 0.860 val_acc 0.860 val_bal_acc 0.860 (best_bal 0.860 @ep15) [71.1s]
epoch  16/50 -- loss 0.3395 hop_alphas [-0.0419,-0.0172] train_acc 0.853 val_acc 0.843 val_bal_acc 0.843 (best_bal 0.860 @ep15) [71.3s]
epoch  17/50 -- loss 0.3303 hop_alphas [-0.0413,-0.0203] train_acc 0.852 val_acc 0.843 val_bal_acc 0.843 (best_bal 0.860 @ep15) [72.1s]
epoch  18/50 -- loss 0.3395 hop_alphas [-0.0388,-0.0161] train_acc 0.852 val_acc 0.849 val_bal_acc 0.849 (best_bal 0.860 @ep15) [73.5s]
epoch  19/50 -- loss 0.3402 hop_alphas [-0.0398,-0.0172] train_acc 0.860 val_acc 0.849 val_bal_acc 0.848 (best_bal 0.860 @ep15) [78.6s]
epoch  20/50 -- loss 0.3297 hop_alphas [-0.0383,-0.0216] train_acc 0.859 val_acc 0.855 val_bal_acc 0.854 (best_bal 0.860 @ep15) [76.5s]
epoch  21/50 -- loss 0.3322 hop_alphas [-0.0419,-0.0255] train_acc 0.851 val_acc 0.843 val_bal_acc 0.844 (best_bal 0.860 @ep15) [81.9s]
epoch  22/50 -- loss 0.3274 hop_alphas [-0.0423,-0.0191] train_acc 0.858 val_acc 0.856 val_bal_acc 0.856 (best_bal 0.860 @ep15) [86.5s]
epoch  23/50 -- loss 0.3180 hop_alphas [-0.0419,-0.0217] train_acc 0.859 val_acc 0.849 val_bal_acc 0.849 (best_bal 0.860 @ep15) [79.6s]
epoch  24/50 -- loss 0.3192 hop_alphas [-0.0435,-0.0212] train_acc 0.860 val_acc 0.847 val_bal_acc 0.846 (best_bal 0.860 @ep15) [81.7s]
epoch  25/50 -- loss 0.3190 hop_alphas [-0.0422,-0.0252] train_acc 0.868 val_acc 0.862 val_bal_acc 0.862 (best_bal 0.862 @ep25) [84.5s]
epoch  26/50 -- loss 0.3146 hop_alphas [-0.0413,-0.0240] train_acc 0.865 val_acc 0.860 val_bal_acc 0.860 (best_bal 0.862 @ep25) [86.0s]
epoch  27/50 -- loss 0.3038 hop_alphas [-0.0402,-0.0220] train_acc 0.874 val_acc 0.858 val_bal_acc 0.858 (best_bal 0.862 @ep25) [84.1s]
epoch  28/50 -- loss 0.3017 hop_alphas [-0.0408,-0.0276] train_acc 0.873 val_acc 0.851 val_bal_acc 0.851 (best_bal 0.862 @ep25) [87.5s]
epoch  29/50 -- loss 0.2985 hop_alphas [-0.0418,-0.0250] train_acc 0.869 val_acc 0.864 val_bal_acc 0.863 (best_bal 0.863 @ep29) [90.2s]
epoch  30/50 -- loss 0.2975 hop_alphas [-0.0457,-0.0245] train_acc 0.872 val_acc 0.860 val_bal_acc 0.860 (best_bal 0.863 @ep29) [82.3s]
epoch  31/50 -- loss 0.3073 hop_alphas [-0.0436,-0.0260] train_acc 0.871 val_acc 0.858 val_bal_acc 0.858 (best_bal 0.863 @ep29) [84.1s]
epoch  32/50 -- loss 0.3030 hop_alphas [-0.0415,-0.0252] train_acc 0.869 val_acc 0.851 val_bal_acc 0.850 (best_bal 0.863 @ep29) [92.9s]
epoch  33/50 -- loss 0.3153 hop_alphas [-0.0410,-0.0240] train_acc 0.875 val_acc 0.820 val_bal_acc 0.820 (best_bal 0.863 @ep29) [78.6s]
epoch  34/50 -- loss 0.2987 hop_alphas [-0.0416,-0.0272] train_acc 0.878 val_acc 0.849 val_bal_acc 0.848 (best_bal 0.863 @ep29) [68.7s]
epoch  35/50 -- loss 0.3048 hop_alphas [-0.0410,-0.0222] train_acc 0.875 val_acc 0.866 val_bal_acc 0.865 (best_bal 0.865 @ep35) [68.8s]
epoch  36/50 -- loss 0.2984 hop_alphas [-0.0400,-0.0251] train_acc 0.875 val_acc 0.862 val_bal_acc 0.862 (best_bal 0.865 @ep35) [71.5s]
epoch  37/50 -- loss 0.2896 hop_alphas [-0.0414,-0.0210] train_acc 0.869 val_acc 0.842 val_bal_acc 0.841 (best_bal 0.865 @ep35) [72.1s]
epoch  38/50 -- loss 0.2812 hop_alphas [-0.0430,-0.0254] train_acc 0.881 val_acc 0.858 val_bal_acc 0.858 (best_bal 0.865 @ep35) [72.4s]
epoch  39/50 -- loss 0.2841 hop_alphas [-0.0442,-0.0263] train_acc 0.882 val_acc 0.851 val_bal_acc 0.851 (best_bal 0.865 @ep35) [72.9s]
epoch  40/50 -- loss 0.2923 hop_alphas [-0.0380,-0.0291] train_acc 0.877 val_acc 0.851 val_bal_acc 0.850 (best_bal 0.865 @ep35) [74.2s]
epoch  41/50 -- loss 0.2811 hop_alphas [-0.0428,-0.0325] train_acc 0.882 val_acc 0.843 val_bal_acc 0.843 (best_bal 0.865 @ep35) [76.4s]
epoch  42/50 -- loss 0.2987 hop_alphas [-0.0416,-0.0286] train_acc 0.872 val_acc 0.845 val_bal_acc 0.845 (best_bal 0.865 @ep35) [81.3s]
epoch  43/50 -- loss 0.2747 hop_alphas [-0.0419,-0.0246] train_acc 0.882 val_acc 0.853 val_bal_acc 0.853 (best_bal 0.865 @ep35) [85.1s]
epoch  44/50 -- loss 0.2890 hop_alphas [-0.0397,-0.0298] train_acc 0.884 val_acc 0.840 val_bal_acc 0.839 (best_bal 0.865 @ep35) [88.3s]
epoch  45/50 -- loss 0.2833 hop_alphas [-0.0418,-0.0310] train_acc 0.886 val_acc 0.838 val_bal_acc 0.838 (best_bal 0.865 @ep35) [90.7s]
epoch  46/50 -- loss 0.2698 hop_alphas [-0.0398,-0.0323] train_acc 0.891 val_acc 0.858 val_bal_acc 0.858 (best_bal 0.865 @ep35) [94.8s]
epoch  47/50 -- loss 0.2716 hop_alphas [-0.0425,-0.0290] train_acc 0.892 val_acc 0.864 val_bal_acc 0.863 (best_bal 0.865 @ep35) [95.4s]
epoch  48/50 -- loss 0.2730 hop_alphas [-0.0423,-0.0281] train_acc 0.891 val_acc 0.851 val_bal_acc 0.850 (best_bal 0.865 @ep35) [85.0s]
epoch  49/50 -- loss 0.2614 hop_alphas [-0.0414,-0.0312] train_acc 0.891 val_acc 0.862 val_bal_acc 0.862 (best_bal 0.865 @ep35) [90.0s]
epoch  50/50 -- loss 0.2593 hop_alphas [-0.0424,-0.0252] train_acc 0.891 val_acc 0.847 val_bal_acc 0.847 (best_bal 0.865 @ep35) [70.6s]

=== TUH ShallowGNN (multi-hop coupling) Eval Results ===
  accuracy: 0.8370
  f1: 0.8363
  sensitivity: 0.7857
  specificity: 0.8800
  final hop_alphas: [-0.041, -0.0222]
  (single-hop coupling CNN baseline: accuracy=0.8442; plain CNN baseline: accuracy=0.8514; this raw-cosine multi-hop config previously reached accuracy=0.8370)
